HEADROOM 218 anagram.lox
HEADROOM 215 anagram_groups.lox
HEADROOM 205 ast_eval.lox
HEADROOM 202 at_binding_demo.lox
HEADROOM 205 caesar.lox
HEADROOM 241 catch_index_error.lox
HEADROOM 231 class_dispatch.lox
HEADROOM 232 clock_arithmetic.lox
HEADROOM 229 collatz.lox
HEADROOM 215 config_parser.lox
HEADROOM 218 csv_reader.lox
HEADROOM 226 data_pipeline.lox
HEADROOM 238 defer_explicit_return.lox
HEADROOM 235 defer_lifo.lox
HEADROOM 235 defer_throw_outer_catch.lox
HEADROOM 214 digital_root.lox
HEADROOM 234 enum_match.lox
HEADROOM 227 enum_result.lox
HEADROOM 199 enum_tree.lox
HEADROOM 163 fibonacci.lox
HEADROOM 234 fizzbuzz.lox
HEADROOM 189 flatten.lox
HEADROOM 218 gcd_lcm.lox
HEADROOM 227 generic_tools.lox
HEADROOM 178 graph_bfs_dfs.lox
HEADROOM 231 grep_lite.lox
HEADROOM 227 guessing_game.lox
HEADROOM 211 hanoi.lox
HEADROOM 223 higher_order.lox
HEADROOM 222 histogram.lox
HEADROOM 198 huffman.lox
HEADROOM 227 leap_year.lox
HEADROOM 205 line_sorter.lox
HEADROOM 221 linear_regression.lox
HEADROOM 226 log_writer.lox
HEADROOM 223 luhn.lox
HEADROOM 238 match_dispatch.lox
HEADROOM 236 match_http_status.lox
HEADROOM 234 match_state_machine.lox
HEADROOM 244 math_demo.lox
HEADROOM 73 memo_fib.lox
HEADROOM 204 merge_sort.lox
HEADROOM 232 multi_return.lox
HEADROOM 237 nested_try_catch.lox
HEADROOM 225 newton_sqrt.lox
HEADROOM 225 or_pattern_demo.lox
HEADROOM 224 palindrome.lox
HEADROOM 16 parser.lox
HEADROOM 222 polar.lox
HEADROOM 234 quiz.lox
HEADROOM 238 reflection_basics.lox
HEADROOM 216 run_length.lox
HEADROOM 192 scanner.lox
HEADROOM 240 sequences.lox
HEADROOM 213 shapes.lox
HEADROOM 226 sieve.lox
HEADROOM 241 simple_throw.lox
HEADROOM 225 sorting.lox
HEADROOM 202 stack_queue.lox
HEADROOM 227 stats.lox
HEADROOM 183 string_list_pattern_demo.lox
HEADROOM 216 symbol_table.lox
HEADROOM 241 test_catch_simple.lox
HEADROOM 239 test_empty_list_pop_try.lox
HEADROOM 239 test_enum_arity_try.lox
HEADROOM 239 test_error_kind_message.lox
HEADROOM 239 test_invalid_map_key_try.lox
HEADROOM 239 test_nan_key_try.lox
HEADROOM 146 test_stringify_depth_guard.lox
HEADROOM 223 to_binary.lox
HEADROOM 234 try_catch_andor_in_catch_body.lox
HEADROOM 236 try_catch_basic.lox
HEADROOM 236 try_catch_defer_local_slot.lox
HEADROOM 230 try_catch_for_in_catch_body.lox
HEADROOM 237 try_catch_if_else_in_catch_body.lox
HEADROOM 237 try_catch_invalid_receiver.lox
HEADROOM 240 try_catch_local_before_and_in_catch.lox
HEADROOM 241 try_catch_local_in_catch_body.lox
HEADROOM 241 try_catch_local_in_catch_then_sibling.lox
HEADROOM 232 try_catch_match_in_catch_body.lox
HEADROOM 231 try_catch_nested_terminal_outer_catch.lox
HEADROOM 235 try_catch_return_in_catch_no_sibling.lox
HEADROOM 235 try_catch_return_in_live_try_body.lox
HEADROOM 235 try_catch_sibling_after_terminal_catch.lox
HEADROOM 235 try_catch_three_terminal_siblings.lox
HEADROOM 230 try_catch_while_in_catch_body.lox
HEADROOM 219 wc.lox
HEADROOM 217 word_freq.lox
